=== TRANSCRIPTION ===

大家好，Jennie又出新妆容了，有没有刷到最近Jennie出电台的这个妆容？慵懒的小猫眼线，配上这种日杂的腮红感，咱们就说太迷人了。我发现现在韩妆真的很流行这种慵懒感，所以今天咱们也来手把手画一下。她的眼珠子，我看下就属于那种非常赞的黑瞳，啊感觉这个跟她那个眼珠就很像，可是先来遮盖一下我的黑眼圈，少量多次去叠加就好了，然后像眼尾勾勾这里的暗沉，咱们稍微给她拍一拍，她整体的肤色呢也是偏那种自然寡的小麦色，所以粉底液我来选这个色号是1N，把它平铺在咱们的脸上，属于妆容的粉底液，咱们就需要分区去上妆，快速用粉扑给她拍开，整体底妆的话就清透自然一点就可以了。嗯，超级beauty的。啊这个造型真好看，遮瑕的话用的是这个，拿个刷子点戳一下就可以了，第一次觉得我这个遮瑕液的颜色白了。然后整体的鼻子是比较直挺的，咱们就从这边开始。鼻子也是那种圆钝可爱型。山根这里呢稍微来一点点。然后像是我们中眼泡的话，眼尾这里可以画一个微，因为她有点吊起，整体就是这样，哈哈，像个小勾一样，这样这样点戳晕染就可以了。眼尾的地方稍微往上抬一点，形成丝般柔酷感给她修饰出来，她整体的面部还是比较窄的，像我的话，因为虽然说嘟了脸，下巴延长之后有点偏长脸，但是面部这一块是比较宽的，所以我们要把它变窄，那么颧骨这里要给她加重一点修容，然后包括下颌线这个地方，因为我有很多明显的大小脸，这里我要给她收紧，包括面部遮盖度美峰这里，我们给她增加一点。然后拿出刚刚粉底液的粉扑，就这样轻拍拍就可以了，这能够很好的融合咱们的底妆。这样新手的话，我更建议大家如果想画这样的妆容，就可以妆前去使用这种高低液体会比较方便一些，用粉的话很容易就是定妆，没定牢容易结块，虽然腮红颜色它是比较偏那种，均匀调的，咱们是来用霞飞的这款01，我感觉跟它那上面的颜色还挺类似，啪，淡淡淡淡的，开一个新的腮红粉扑。底色你疯狂动物城那个豹子经常会喜欢似的点点圈那种感觉。腮红腮红，我们先去把鼻翼两侧先给她突出出来，然后在慢慢过度到面中的部分，像这样横向去画，就能更好去缩窄咱们中庭，跟咱们修容去撞好做个小小的衔接，然后她的眼部颜色呢也比较统一，所以我们还是用这个颜色，稍微去按压一下咱们的眼皮，包括眼下这个地方给他稍微带一下，现在我就很像是那种刚晒完回来感觉，打完这个腮红之后你会发现面中这一块没有那种层促感，就没有那种腮红横向感，所以这个时候咱们只需要用到提亮液，一点点亮打在泪沟这个地方，和法令纹这里就可以了，然后如果说你额头这里不太突出的话，可以稍微来一点。啊像这样就可以了，包括眼尾这个地方，咱们稍微眼部让它提起来，如果量比较多的话可以过度一下到我们眼下这个地方。啊，这种横向感就出来了，很明显，稍微如果说有些缺的地方，可以再用刚刚粉扑上的那个余量的腮红稍微点按一下，这样的话有明有暗咱们层次感就出来了，直接来用这种直容性粉扑蘸取这个肤色的粉底，就跟我粉底液颜色大差不差，那么像是Jennie的眉毛呢就是那种毛绒的雾感，所以我们先来用这种深棕色稍微打个底，然后再去用这种棕色的眉笔，我们稍微延长一下我们的眉尾，这种平流的眉咱们就平流的画出来就可以了，因为她整体这个眉毛颜色会稍微有点深，所以我们再来用一点这种杏色的染眉膏，稍微给她刷一下，让颜色没有那么深以外，还能增加一下整体的这种毛流，然后发现其实她本身画眼妆很少会去用很多色彩，所以我们这样打完底之后直接来用一个深色的眼影，先去用这种比较粗的这种眼线刷先去定型，然后再慢慢往上去揉，去过度，再用一点这种棕色去边缘给她过度一下，突出一点层次感，然后像我的话眼睛是属于比较短的，所以眼尾这里呢我们可以稍微给她加长一些，延长出来一些，整体呢也是有一点下眼线的，但眼线呢不是颜色不是很深，所以用这种浅棕色稍微加深一下，然后像后半段我们稍微给它晕晕晕出来一下，然后像我们这样画出那种小猫眼线，就可以用这种勾型刷子蘸取这个深棕色，我们把后半段这个地方给他加粗一点。然后我看她的睫毛就是前半段是属于非常正常的自然的，然后尾部的时候是带有一点小弧度的那种感觉，就那种吊丝的感觉，所以我们前半段来贴这种非常自然寡的睫毛，就有点像模拟我们自然睫毛的那种感觉，后半段我们来贴这种狐系睫毛，其实睫毛上面就拉长我们的睫毛，像这样很吊细的感觉。嗯，再拿我们的深棕色眼影稍微给她延长一下，下眼睑的地方衔接的更加自然一些，最后再用眼皮这个眼影盘里面这个亮片，稍微给她点缀一点点，在眼皮上，其实眼妆还是很简单的，啊，这个眼妆真的无敌放大看看，好，来涂一下口红，嗯，因为它是比较偏那种红棕调，啊，我们再用一下这个，然后我们再把它全部给她晕染。哎，就从这里起。嗯，好看好看，最后再稍微来弄一下我的发型什么的，整上一下吧。

